::1 - - [25/Jun/2026:19:54:16 -0300] "GET /phpmyadmin HTTP/1.1" 301 241
::1 - - [25/Jun/2026:19:54:16 -0300] "GET /phpmyadmin/ HTTP/1.1" 200 7889
::1 - - [25/Jun/2026:19:54:17 -0300] "GET /phpmyadmin/js/functions.js?ts=1324487272 HTTP/1.1" 200 31563
::1 - - [25/Jun/2026:19:54:17 -0300] "GET /phpmyadmin/js/update-location.js?ts=1324487272 HTTP/1.1" 200 758
::1 - - [25/Jun/2026:19:54:17 -0300] "GET /phpmyadmin/js/cross_framing_protection.js?ts=1324487272 HTTP/1.1" 200 331
::1 - - [25/Jun/2026:19:54:17 -0300] "GET /phpmyadmin/js/jquery/jquery-1.4.4.js?ts=1324487272 HTTP/1.1" 200 78268
::1 - - [25/Jun/2026:19:54:18 -0300] "GET /phpmyadmin/js/jquery/jquery.qtip-1.0.0.min.js?ts=1324487272 HTTP/1.1" 200 38434
::1 - - [25/Jun/2026:19:54:17 -0300] "GET /phpmyadmin/themes/pmahomme/jquery/jquery-ui-1.8.custom.css HTTP/1.1" 200 30846
::1 - - [25/Jun/2026:19:54:18 -0300] "GET /phpmyadmin/themes/pmahomme/img/logo_right.png HTTP/1.1" 200 4921
::1 - - [25/Jun/2026:19:54:18 -0300] "GET /phpmyadmin/js/messages.php?lang=en&db=&collation_connection=utf8_general_ci&token=a5e72accc7e568a817364b94f6fe55c4 HTTP/1.1" 200 4934
::1 - - [25/Jun/2026:19:54:18 -0300] "GET /phpmyadmin/themes/pmahomme/img/b_help.png HTTP/1.1" 200 1594
::1 - - [25/Jun/2026:19:54:18 -0300] "GET /phpmyadmin/print.css HTTP/1.1" 200 1064
::1 - - [25/Jun/2026:19:54:17 -0300] "GET /phpmyadmin/phpmyadmin.css.php?server=1&lang=en&collation_connection=utf8_general_ci&token=a5e72accc7e568a817364b94f6fe55c4&js_frame=right&nocache=3975639999 HTTP/1.1" 200 41672
::1 - - [25/Jun/2026:19:54:18 -0300] "GET /phpmyadmin/themes/pmahomme/img/input_bg.gif HTTP/1.1" 200 162
::1 - - [25/Jun/2026:19:54:18 -0300] "GET /phpmyadmin/themes/pmahomme/img/s_notice.png HTTP/1.1" 200 666
::1 - - [25/Jun/2026:19:54:19 -0300] "GET /phpmyadmin/favicon.ico HTTP/1.1" 200 18902
::1 - - [25/Jun/2026:19:54:34 -0300] "POST /phpmyadmin/index.php HTTP/1.1" 200 7473
::1 - - [25/Jun/2026:19:54:34 -0300] "GET /phpmyadmin/phpmyadmin.css.php?server=1&token=23c83ea50a133427e6517b60643df31c&js_frame=right&nocache=3975639999 HTTP/1.1" 200 41672
::1 - - [25/Jun/2026:19:54:34 -0300] "GET /phpmyadmin/js/messages.php?lang=pt_BR&db=&token=23c83ea50a133427e6517b60643df31c HTTP/1.1" 200 5254
::1 - - [25/Jun/2026:19:54:51 -0300] "POST /phpmyadmin/index.php HTTP/1.1" 302 -
::1 - - [25/Jun/2026:19:54:51 -0300] "GET /phpmyadmin/index.php?token=23c83ea50a133427e6517b60643df31c HTTP/1.1" 200 2614
::1 - - [25/Jun/2026:19:54:52 -0300] "GET /phpmyadmin/js/common.js?ts=1324487272 HTTP/1.1" 200 5294
::1 - - [25/Jun/2026:19:54:52 -0300] "GET /phpmyadmin/navigation.php?token=23c83ea50a133427e6517b60643df31c HTTP/1.1" 200 4209
::1 - - [25/Jun/2026:19:54:52 -0300] "GET /phpmyadmin/js/functions.js HTTP/1.1" 200 31563
::1 - - [25/Jun/2026:19:54:52 -0300] "GET /phpmyadmin/js/jquery/jquery-1.4.4.js HTTP/1.1" 200 78268
::1 - - [25/Jun/2026:19:54:52 -0300] "GET /phpmyadmin/js/navigation.js HTTP/1.1" 200 2521
::1 - - [25/Jun/2026:19:54:52 -0300] "GET /phpmyadmin/themes/pmahomme/img/logo_left.png HTTP/1.1" 200 4970
::1 - - [25/Jun/2026:19:54:52 -0300] "GET /phpmyadmin/themes/pmahomme/img/s_reload.png HTTP/1.1" 200 608
::1 - - [25/Jun/2026:19:54:52 -0300] "GET /phpmyadmin/themes/pmahomme/img/b_home.png HTTP/1.1" 200 806
::1 - - [25/Jun/2026:19:54:52 -0300] "GET /phpmyadmin/themes/pmahomme/img/s_loggoff.png HTTP/1.1" 200 688
::1 - - [25/Jun/2026:19:54:53 -0300] "GET /phpmyadmin/themes/pmahomme/img/b_selboard.png HTTP/1.1" 200 698
::1 - - [25/Jun/2026:19:54:53 -0300] "GET /phpmyadmin/themes/pmahomme/img/b_docs.png HTTP/1.1" 200 786
::1 - - [25/Jun/2026:19:54:53 -0300] "GET /phpmyadmin/js/config.js?ts=1324487272 HTTP/1.1" 200 9480
::1 - - [25/Jun/2026:19:54:52 -0300] "GET /phpmyadmin/main.php?token=23c83ea50a133427e6517b60643df31c HTTP/1.1" 200 42216
::1 - - [25/Jun/2026:19:54:53 -0300] "GET /phpmyadmin/js/jquery/jquery-ui-1.8.custom.js?ts=1324487272 HTTP/1.1" 200 190765
::1 - - [25/Jun/2026:19:54:53 -0300] "GET /phpmyadmin/js/jquery/jquery.sprintf.js?ts=1324487272 HTTP/1.1" 200 987
::1 - - [25/Jun/2026:19:54:53 -0300] "GET /phpmyadmin/themes/pmahomme/img/b_sqlhelp.png HTTP/1.1" 200 579
::1 - - [25/Jun/2026:19:54:53 -0300] "GET /phpmyadmin/themes/pmahomme/img/window-new.png HTTP/1.1" 200 583
::1 - - [25/Jun/2026:19:54:53 -0300] "GET /phpmyadmin/themes/pmahomme/img/s_host.png HTTP/1.1" 200 667
::1 - - [25/Jun/2026:19:54:52 -0300] "GET /phpmyadmin/phpmyadmin.css.php?token=23c83ea50a133427e6517b60643df31c&js_frame=left&nocache=5758068090 HTTP/1.1" 200 5861
::1 - - [25/Jun/2026:19:54:53 -0300] "GET /phpmyadmin/themes/pmahomme/img/s_db.png HTTP/1.1" 200 390
::1 - - [25/Jun/2026:19:54:53 -0300] "GET /phpmyadmin/themes/pmahomme/img/left_nav_bg.png HTTP/1.1" 200 215
::1 - - [25/Jun/2026:19:54:53 -0300] "GET /phpmyadmin/themes/pmahomme/img/database.png HTTP/1.1" 200 390
::1 - - [25/Jun/2026:19:54:53 -0300] "GET /phpmyadmin/themes/pmahomme/img/b_sql.png HTTP/1.1" 200 748
::1 - - [25/Jun/2026:19:54:53 -0300] "GET /phpmyadmin/themes/pmahomme/img/s_status.png HTTP/1.1" 200 673
::1 - - [25/Jun/2026:19:54:53 -0300] "GET /phpmyadmin/themes/pmahomme/img/s_process.png HTTP/1.1" 200 512
::1 - - [25/Jun/2026:19:54:53 -0300] "GET /phpmyadmin/themes/pmahomme/img/s_rights.png HTTP/1.1" 200 533
::1 - - [25/Jun/2026:19:54:53 -0300] "GET /phpmyadmin/themes/pmahomme/img/b_export.png HTTP/1.1" 200 641
::1 - - [25/Jun/2026:19:54:53 -0300] "GET /phpmyadmin/phpmyadmin.css.php?server=1&token=23c83ea50a133427e6517b60643df31c&js_frame=right&nocache=5758068090 HTTP/1.1" 200 41672
::1 - - [25/Jun/2026:19:54:53 -0300] "GET /phpmyadmin/themes/pmahomme/img/b_import.png HTTP/1.1" 200 629
::1 - - [25/Jun/2026:19:54:53 -0300] "GET /phpmyadmin/themes/pmahomme/img/s_vars.png HTTP/1.1" 200 603
::1 - - [25/Jun/2026:19:54:53 -0300] "GET /phpmyadmin/themes/pmahomme/img/s_asci.png HTTP/1.1" 200 209
::1 - - [25/Jun/2026:19:54:53 -0300] "GET /phpmyadmin/themes/pmahomme/img/b_engine.png HTTP/1.1" 200 468
::1 - - [25/Jun/2026:19:54:53 -0300] "GET /phpmyadmin/themes/pmahomme/img/s_sync.png HTTP/1.1" 200 551
::1 - - [25/Jun/2026:19:54:53 -0300] "GET /phpmyadmin/themes/pmahomme/img/s_replication.png HTTP/1.1" 200 447
::1 - - [25/Jun/2026:19:54:53 -0300] "GET /phpmyadmin/themes/pmahomme/img/tab_bg.png HTTP/1.1" 200 160
::1 - - [25/Jun/2026:19:54:53 -0300] "GET /phpmyadmin/themes/pmahomme/img/b_tblops.png HTTP/1.1" 200 610
::1 - - [25/Jun/2026:19:54:54 -0300] "GET /phpmyadmin/themes/pmahomme/img/s_passwd.png HTTP/1.1" 200 435
::1 - - [25/Jun/2026:19:54:54 -0300] "GET /phpmyadmin/themes/pmahomme/img/s_lang.png HTTP/1.1" 200 743
::1 - - [25/Jun/2026:19:54:54 -0300] "GET /phpmyadmin/themes/pmahomme/img/s_theme.png HTTP/1.1" 200 856
::1 - - [25/Jun/2026:19:54:54 -0300] "GET /phpmyadmin/themes/pmahomme/img/b_more.png HTTP/1.1" 200 1002
::1 - - [25/Jun/2026:19:55:07 -0300] "GET /phpmyadmin/index.php?db=mercadinho&token=23c83ea50a133427e6517b60643df31c HTTP/1.1" 200 2668
::1 - - [25/Jun/2026:19:55:08 -0300] "GET /phpmyadmin/navigation.php?token=23c83ea50a133427e6517b60643df31c&db=mercadinho HTTP/1.1" 200 5266
::1 - - [25/Jun/2026:19:55:08 -0300] "GET /phpmyadmin/themes/pmahomme/img/b_sbrowse.png HTTP/1.1" 200 566
::1 - - [25/Jun/2026:19:55:08 -0300] "GET /phpmyadmin/themes/pmahomme/img/b_snewtbl.png HTTP/1.1" 200 733
::1 - - [25/Jun/2026:19:55:09 -0300] "GET /phpmyadmin/js/db_structure.js?ts=1324487272 HTTP/1.1" 200 3178
::1 - - [25/Jun/2026:19:55:08 -0300] "GET /phpmyadmin/db_structure.php?token=23c83ea50a133427e6517b60643df31c&db=mercadinho HTTP/1.1" 200 15631
::1 - - [25/Jun/2026:19:55:09 -0300] "GET /phpmyadmin/themes/pmahomme/img/item_ltr.png HTTP/1.1" 200 162
::1 - - [25/Jun/2026:19:55:09 -0300] "GET /phpmyadmin/themes/pmahomme/img/b_props.png HTTP/1.1" 200 663
::1 - - [25/Jun/2026:19:55:09 -0300] "GET /phpmyadmin/themes/pmahomme/img/b_search.png HTTP/1.1" 200 615
::1 - - [25/Jun/2026:19:55:09 -0300] "GET /phpmyadmin/themes/pmahomme/img/s_asc.png HTTP/1.1" 200 201
::1 - - [25/Jun/2026:19:55:09 -0300] "GET /phpmyadmin/themes/pmahomme/img/bd_browse.png HTTP/1.1" 200 200
::1 - - [25/Jun/2026:19:55:09 -0300] "GET /phpmyadmin/themes/pmahomme/img/bd_select.png HTTP/1.1" 200 459
::1 - - [25/Jun/2026:19:55:09 -0300] "GET /phpmyadmin/themes/pmahomme/img/b_insrow.png HTTP/1.1" 200 228
::1 - - [25/Jun/2026:19:55:09 -0300] "GET /phpmyadmin/themes/pmahomme/img/bd_empty.png HTTP/1.1" 200 231
::1 - - [25/Jun/2026:19:55:09 -0300] "GET /phpmyadmin/themes/pmahomme/img/b_drop.png HTTP/1.1" 200 715
::1 - - [25/Jun/2026:19:55:10 -0300] "GET /phpmyadmin/themes/pmahomme/img/arrow_ltr.png HTTP/1.1" 200 184
::1 - - [25/Jun/2026:19:55:09 -0300] "GET /phpmyadmin/js/messages.php?lang=pt_BR&db=mercadinho&token=23c83ea50a133427e6517b60643df31c HTTP/1.1" 200 5264
::1 - - [25/Jun/2026:19:55:10 -0300] "GET /phpmyadmin/themes/pmahomme/img/b_print.png HTTP/1.1" 200 731
::1 - - [25/Jun/2026:19:55:10 -0300] "GET /phpmyadmin/themes/pmahomme/img/b_tblanalyse.png HTTP/1.1" 200 234
::1 - - [25/Jun/2026:19:55:10 -0300] "GET /phpmyadmin/themes/pmahomme/img/b_newtbl.png HTTP/1.1" 200 325
::1 - - [25/Jun/2026:19:56:06 -0300] "GET /phpmyadmin/themes/pmahomme/img/marked_bg.png HTTP/1.1" 200 977
::1 - - [25/Jun/2026:19:56:06 -0300] "GET /phpmyadmin/themes/pmahomme/img/tab_hover_bg.png HTTP/1.1" 200 1278
::1 - - [25/Jun/2026:19:56:07 -0300] "GET /phpmyadmin/db_structure.php?db=mercadinho&token=23c83ea50a133427e6517b60643df31c HTTP/1.1" 200 15631
::1 - - [25/Jun/2026:19:56:08 -0300] "GET /phpmyadmin/db_sql.php?db=mercadinho&server=1&token=23c83ea50a133427e6517b60643df31c&db_query_force=1 HTTP/1.1" 200 9245
::1 - - [25/Jun/2026:19:56:09 -0300] "GET /phpmyadmin/js/sql.js?ts=1324487272 HTTP/1.1" 200 15945
::1 - - [25/Jun/2026:20:06:07 -0300] "POST /phpmyadmin/import.php HTTP/1.1" 200 5758
::1 - - [25/Jun/2026:20:06:08 -0300] "GET /phpmyadmin/themes/pmahomme/img/s_success.png HTTP/1.1" 200 537
::1 - - [25/Jun/2026:20:06:08 -0300] "POST /phpmyadmin/db_sql.php HTTP/1.1" 200 9414
::1 - - [25/Jun/2026:20:06:09 -0300] "GET /phpmyadmin/navigation.php?db=mercadinho&token=23c83ea50a133427e6517b60643df31c HTTP/1.1" 200 5775
::1 - - [25/Jun/2026:20:11:02 -0300] "GET /phpmyadmin/db_structure.php?db=mercadinho&token=23c83ea50a133427e6517b60643df31c HTTP/1.1" 200 18645
::1 - - [25/Jun/2026:20:11:06 -0300] "GET /phpmyadmin/db_export.php?db=mercadinho&server=1&token=23c83ea50a133427e6517b60643df31c HTTP/1.1" 200 38809
::1 - - [25/Jun/2026:20:11:06 -0300] "GET /phpmyadmin/js/export.js?ts=1324487272 HTTP/1.1" 200 5475
::1 - - [25/Jun/2026:20:11:10 -0300] "POST /phpmyadmin/export.php HTTP/1.1" 200 1484
::1 - - [25/Jun/2026:20:12:05 -0300] "GET /phpmyadmin/tbl_create.php?db=mercadinho&token=23c83ea50a133427e6517b60643df31c HTTP/1.1" 200 93751
::1 - - [25/Jun/2026:20:12:05 -0300] "GET /phpmyadmin/js/keyhandler.js HTTP/1.1" 200 856
::1 - - [25/Jun/2026:20:12:11 -0300] "GET /phpmyadmin/db_export.php?db=mercadinho&server=1&token=23c83ea50a133427e6517b60643df31c HTTP/1.1" 200 38809
::1 - - [25/Jun/2026:20:12:13 -0300] "GET /phpmyadmin/db_structure.php?db=mercadinho&server=1&token=23c83ea50a133427e6517b60643df31c HTTP/1.1" 200 18658
::1 - - [25/Jun/2026:20:12:14 -0300] "GET /phpmyadmin/themes/pmahomme/img/s_desc.png HTTP/1.1" 200 201
::1 - - [25/Jun/2026:20:12:14 -0300] "GET /phpmyadmin/themes/pmahomme/img/s_desc.png HTTP/1.1" 200 201
::1 - - [25/Jun/2026:20:12:33 -0300] "GET /phpmyadmin/sql.php?db=mercadinho&token=23c83ea50a133427e6517b60643df31c&table=estoque&pos=0 HTTP/1.1" 200 18451
::1 - - [25/Jun/2026:20:12:34 -0300] "GET /phpmyadmin/js/pMap.js?ts=1324487272 HTTP/1.1" 200 1915
::1 - - [25/Jun/2026:20:12:33 -0300] "GET /phpmyadmin/sql.php?db=mercadinho&token=23c83ea50a133427e6517b60643df31c&table=estoque&pos=0 HTTP/1.1" 200 47807
::1 - - [25/Jun/2026:20:12:34 -0300] "GET /phpmyadmin/themes/pmahomme/img/b_browse.png HTTP/1.1" 200 566
::1 - - [25/Jun/2026:20:12:34 -0300] "GET /phpmyadmin/themes/pmahomme/img/more.png HTTP/1.1" 200 553
::1 - - [25/Jun/2026:20:12:34 -0300] "GET /phpmyadmin/themes/pmahomme/img/b_tblexport.png HTTP/1.1" 200 641
::1 - - [25/Jun/2026:20:12:34 -0300] "GET /phpmyadmin/themes/pmahomme/img/s_tbl.png HTTP/1.1" 200 714
::1 - - [25/Jun/2026:20:12:34 -0300] "GET /phpmyadmin/themes/pmahomme/img/error.ico HTTP/1.1" 200 5430
::1 - - [25/Jun/2026:20:12:34 -0300] "GET /phpmyadmin/themes/pmahomme/img/b_relations.png HTTP/1.1" 200 217
::1 - - [25/Jun/2026:20:12:34 -0300] "GET /phpmyadmin/themes/pmahomme/img/b_edit.png HTTP/1.1" 200 444
::1 - - [25/Jun/2026:20:12:34 -0300] "GET /phpmyadmin/themes/pmahomme/img/b_unique.png HTTP/1.1" 200 1475
::1 - - [25/Jun/2026:20:12:34 -0300] "GET /phpmyadmin/themes/pmahomme/img/b_index.png HTTP/1.1" 200 736
::1 - - [25/Jun/2026:20:12:34 -0300] "GET /phpmyadmin/themes/pmahomme/img/b_primary.png HTTP/1.1" 200 612
::1 - - [25/Jun/2026:20:12:34 -0300] "GET /phpmyadmin/themes/pmahomme/img/b_tblimport.png HTTP/1.1" 200 629
::1 - - [25/Jun/2026:20:12:34 -0300] "GET /phpmyadmin/themes/pmahomme/img/bd_primary.png HTTP/1.1" 200 312
::1 - - [25/Jun/2026:20:12:34 -0300] "GET /phpmyadmin/themes/pmahomme/img/bd_ftext.png HTTP/1.1" 200 219
::1 - - [25/Jun/2026:20:12:46 -0300] "GET /phpmyadmin/tbl_sql.php?db=mercadinho&table=estoque&token=23c83ea50a133427e6517b60643df31c HTTP/1.1" 200 10672
::1 - - [25/Jun/2026:20:14:07 -0300] "GET /phpmyadmin/tbl_structure.php?db=mercadinho&table=estoque&token=23c83ea50a133427e6517b60643df31c HTTP/1.1" 200 45139
::1 - - [25/Jun/2026:20:14:08 -0300] "GET /phpmyadmin/js/tbl_structure.js?ts=1324487272 HTTP/1.1" 200 1972
::1 - - [25/Jun/2026:20:14:11 -0300] "GET /phpmyadmin/tbl_create.php?db=mercadinho&token=23c83ea50a133427e6517b60643df31c HTTP/1.1" 200 93751
::1 - - [25/Jun/2026:20:14:11 -0300] "GET /phpmyadmin/navigation.php?server=1&token=23c83ea50a133427e6517b60643df31c&db=mercadinho&table=&lang=pt_BR&collation_connection=utf8_general_ci HTTP/1.1" 200 5775
::1 - - [25/Jun/2026:20:14:15 -0300] "GET /phpmyadmin/db_structure.php?db=mercadinho&token=23c83ea50a133427e6517b60643df31c HTTP/1.1" 200 18645
::1 - - [25/Jun/2026:20:14:18 -0300] "GET /phpmyadmin/db_sql.php?db=mercadinho&server=1&token=23c83ea50a133427e6517b60643df31c&db_query_force=1 HTTP/1.1" 200 9245
::1 - - [25/Jun/2026:20:17:45 -0300] "POST /phpmyadmin/import.php HTTP/1.1" 200 5723
::1 - - [25/Jun/2026:20:17:46 -0300] "POST /phpmyadmin/db_sql.php HTTP/1.1" 200 9400
::1 - - [25/Jun/2026:20:17:46 -0300] "GET /phpmyadmin/navigation.php?db=mercadinho&token=23c83ea50a133427e6517b60643df31c HTTP/1.1" 200 6284
::1 - - [25/Jun/2026:20:21:19 -0300] "GET /phpmyadmin/db_export.php?goto=db_sql.php&db=mercadinho&server=1&token=23c83ea50a133427e6517b60643df31c HTTP/1.1" 200 39102
::1 - - [25/Jun/2026:20:21:26 -0300] "POST /phpmyadmin/export.php HTTP/1.1" 200 1863
